// Jest Snapshot v1, https://goo.gl/fbAQLP

exports[`Should renderWithQuery and match the snapshot 1`] = `
<div
  class="sc-eCApnc cCbeHS"
  data-testid="isLoading"
>
  <img
    class="sc-fujyAs bOmVKR"
    src="logo-only.png"
  />
</div>
`;
